#-----------------------------------------------------------
# Webtalk v2019.2 (64-bit)
# SW Build 2708876 on Wed Nov  6 21:39:14 MST 2019
# IP Build 2700528 on Thu Nov  7 00:09:20 MST 2019
# Start of session at: Tue Nov  9 10:18:31 2021
# Process ID: 4071
# Current directory: /home/ShiYuHuang/manual_GNN_conversion/hls_output/add/source_to_target/neurons_8/myproject_prj/solution12/sim/verilog
# Command line: wbtcv -mode batch -source /home/ShiYuHuang/manual_GNN_conversion/hls_output/add/source_to_target/neurons_8/myproject_prj/solution12/sim/verilog/xsim.dir/myproject/webtalk/xsim_webtalk.tcl -notrace
# Log file: /home/ShiYuHuang/manual_GNN_conversion/hls_output/add/source_to_target/neurons_8/myproject_prj/solution12/sim/verilog/webtalk.log
# Journal file: /home/ShiYuHuang/manual_GNN_conversion/hls_output/add/source_to_target/neurons_8/myproject_prj/solution12/sim/verilog/webtalk.jou
#-----------------------------------------------------------
source /home/ShiYuHuang/manual_GNN_conversion/hls_output/add/source_to_target/neurons_8/myproject_prj/solution12/sim/verilog/xsim.dir/myproject/webtalk/xsim_webtalk.tcl -notrace
