

================================================================
== Vivado HLS Report for 'dense_mult_3lyr_ap_fixed_ap_fixed_config11_s'
================================================================
* Date:           Tue Nov  9 10:02:26 2021

* Version:        2019.2 (Build 2704478 on Wed Nov 06 22:10:23 MST 2019)
* Project:        myproject_prj
* Solution:       solution12
* Product family: virtexuplus
* Target device:  xcvu9p-flga2104-2L-e


================================================================
== Performance Estimates
================================================================
+ Timing: 
    * Summary: 
    +--------+---------+----------+------------+
    |  Clock |  Target | Estimated| Uncertainty|
    +--------+---------+----------+------------+
    |ap_clk  | 5.00 ns | 4.109 ns |   0.62 ns  |
    +--------+---------+----------+------------+

+ Latency: 
    * Summary: 
    +---------+---------+-----------+-----------+-----+-----+----------+
    |  Latency (cycles) |   Latency (absolute)  |  Interval | Pipeline |
    |   min   |   max   |    min    |    max    | min | max |   Type   |
    +---------+---------+-----------+-----------+-----+-----+----------+
    |        5|        5| 25.000 ns | 25.000 ns |    1|    1| function |
    +---------+---------+-----------+-----------+-----+-----+----------+

    + Detail: 
        * Instance: 
        +--------------------------------------------------------------------+--------------------------------------------------+---------+---------+----------+----------+-----+-----+----------+
        |                                                                    |                                                  |  Latency (cycles) |  Latency (absolute) |  Interval | Pipeline |
        |                              Instance                              |                      Module                      |   min   |   max   |    min   |    max   | min | max |   Type   |
        +--------------------------------------------------------------------+--------------------------------------------------+---------+---------+----------+----------+-----+-----+----------+
        |grp_dense_resource_rf_leq_nin_0_0_0_0_0_0_0_0_0_3_fu_130            |dense_resource_rf_leq_nin_0_0_0_0_0_0_0_0_0_3     |        1|        1| 5.000 ns | 5.000 ns |    1|    1| function |
        |grp_dense_resource_rf_leq_nin_0_0_0_0_0_0_0_0_0_2_fu_154            |dense_resource_rf_leq_nin_0_0_0_0_0_0_0_0_0_2     |        1|        1| 5.000 ns | 5.000 ns |    1|    1| function |
        |call_ret48_relu_ap_fixed_ap_fixed_16_8_5_3_0_relu_config1_1_fu_166  |relu_ap_fixed_ap_fixed_16_8_5_3_0_relu_config1_1  |        0|        0|   0 ns   |   0 ns   |    1|    1| function |
        |call_ret_relu_ap_fixed_ap_fixed_16_8_5_3_0_relu_config2_1_fu_178    |relu_ap_fixed_ap_fixed_16_8_5_3_0_relu_config2_1  |        0|        0|   0 ns   |   0 ns   |    1|    1| function |
        +--------------------------------------------------------------------+--------------------------------------------------+---------+---------+----------+----------+-----+-----+----------+

        * Loop: 
        N/A



================================================================
== Utilization Estimates
================================================================
* Summary: 
+---------------------+---------+-------+---------+---------+-----+
|         Name        | BRAM_18K| DSP48E|    FF   |   LUT   | URAM|
+---------------------+---------+-------+---------+---------+-----+
|DSP                  |        -|      7|        -|        -|    -|
|Expression           |        -|      -|        0|      159|    -|
|FIFO                 |        -|      -|        -|        -|    -|
|Instance             |        -|    109|     1045|     3500|    -|
|Memory               |        -|      -|        -|        -|    -|
|Multiplexer          |        -|      -|        -|        -|    -|
|Register             |        -|      -|      508|        -|    -|
+---------------------+---------+-------+---------+---------+-----+
|Total                |        0|    116|     1553|     3659|    0|
+---------------------+---------+-------+---------+---------+-----+
|Available SLR        |     1440|   2280|   788160|   394080|  320|
+---------------------+---------+-------+---------+---------+-----+
|Utilization SLR (%)  |        0|      5|    ~0   |    ~0   |    0|
+---------------------+---------+-------+---------+---------+-----+
|Available            |     4320|   6840|  2364480|  1182240|  960|
+---------------------+---------+-------+---------+---------+-----+
|Utilization (%)      |        0|      1|    ~0   |    ~0   |    0|
+---------------------+---------+-------+---------+---------+-----+

+ Detail: 
    * Instance: 
    +--------------------------------------------------------------------+--------------------------------------------------+---------+-------+-----+------+-----+
    |                              Instance                              |                      Module                      | BRAM_18K| DSP48E|  FF |  LUT | URAM|
    +--------------------------------------------------------------------+--------------------------------------------------+---------+-------+-----+------+-----+
    |grp_dense_resource_rf_leq_nin_0_0_0_0_0_0_0_0_0_2_fu_154            |dense_resource_rf_leq_nin_0_0_0_0_0_0_0_0_0_2     |        0|     48|  532|  1364|    0|
    |grp_dense_resource_rf_leq_nin_0_0_0_0_0_0_0_0_0_3_fu_130            |dense_resource_rf_leq_nin_0_0_0_0_0_0_0_0_0_3     |        0|     61|  513|  1688|    0|
    |call_ret48_relu_ap_fixed_ap_fixed_16_8_5_3_0_relu_config1_1_fu_166  |relu_ap_fixed_ap_fixed_16_8_5_3_0_relu_config1_1  |        0|      0|    0|   224|    0|
    |call_ret_relu_ap_fixed_ap_fixed_16_8_5_3_0_relu_config2_1_fu_178    |relu_ap_fixed_ap_fixed_16_8_5_3_0_relu_config2_1  |        0|      0|    0|   224|    0|
    +--------------------------------------------------------------------+--------------------------------------------------+---------+-------+-----+------+-----+
    |Total                                                               |                                                  |        0|    109| 1045|  3500|    0|
    +--------------------------------------------------------------------+--------------------------------------------------+---------+-------+-----+------+-----+

    * DSP48E: 
    +----------------------------------------+----------------------------------+-----------+
    |                Instance                |              Module              | Expression|
    +----------------------------------------+----------------------------------+-----------+
    |myproject_mul_mul_16s_6ns_22_1_0_U1927  |myproject_mul_mul_16s_6ns_22_1_0  |  i0 * i1  |
    |myproject_mul_mul_16s_6s_22_1_0_U1926   |myproject_mul_mul_16s_6s_22_1_0   |  i0 * i1  |
    |myproject_mul_mul_16s_7ns_23_1_0_U1921  |myproject_mul_mul_16s_7ns_23_1_0  |  i0 * i1  |
    |myproject_mul_mul_16s_8ns_24_1_0_U1924  |myproject_mul_mul_16s_8ns_24_1_0  |  i0 * i1  |
    |myproject_mul_mul_16s_8s_24_1_0_U1922   |myproject_mul_mul_16s_8s_24_1_0   |  i0 * i1  |
    |myproject_mul_mul_16s_8s_24_1_0_U1925   |myproject_mul_mul_16s_8s_24_1_0   |  i0 * i1  |
    |myproject_mul_mul_16s_9s_24_1_0_U1923   |myproject_mul_mul_16s_9s_24_1_0   |  i0 * i1  |
    +----------------------------------------+----------------------------------+-----------+

    * Memory: 
    N/A

    * FIFO: 
    N/A

    * Expression: 
    +-------------------------+----------+-------+---+----+------------+------------+
    |      Variable Name      | Operation| DSP48E| FF| LUT| Bitwidth P0| Bitwidth P1|
    +-------------------------+----------+-------+---+----+------------+------------+
    |add_ln703_322_fu_427_p2  |     +    |      0|  0|  16|          16|          16|
    |add_ln703_323_fu_479_p2  |     +    |      0|  0|  16|          16|          16|
    |add_ln703_324_fu_483_p2  |     +    |      0|  0|  16|          16|          16|
    |add_ln703_325_fu_488_p2  |     +    |      0|  0|  15|          15|           7|
    |add_ln703_326_fu_498_p2  |     +    |      0|  0|  16|          16|          16|
    |add_ln703_327_fu_504_p2  |     +    |      0|  0|  16|          16|          16|
    |add_ln703_fu_421_p2      |     +    |      0|  0|  16|          16|          16|
    |ap_return                |     +    |      0|  0|  16|          16|          16|
    |sub_ln1118_54_fu_457_p2  |     -    |      0|  0|  16|          24|          24|
    |sub_ln1118_fu_440_p2     |     -    |      0|  0|  16|           1|          24|
    +-------------------------+----------+-------+---+----+------------+------------+
    |Total                    |          |      0|  0| 159|         152|         167|
    +-------------------------+----------+-------+---+----+------------+------------+

    * Multiplexer: 
    N/A

    * Register: 
    +--------------------------+----+----+-----+-----------+
    |           Name           | FF | LUT| Bits| Const Bits|
    +--------------------------+----+----+-----+-----------+
    |add_ln703_322_reg_671     |  16|   0|   16|          0|
    |add_ln703_reg_666         |  16|   0|   16|          0|
    |data0_0_V_reg_565         |  16|   0|   16|          0|
    |data0_1_V_reg_570         |  16|   0|   16|          0|
    |data0_2_V_reg_575         |  16|   0|   16|          0|
    |data0_3_V_reg_580         |  16|   0|   16|          0|
    |data0_4_V_reg_585         |  16|   0|   16|          0|
    |data0_5_V_reg_590         |  16|   0|   16|          0|
    |data0_6_V_reg_595         |  16|   0|   16|          0|
    |data0_7_V_reg_600         |  16|   0|   16|          0|
    |data1_4_V_reg_645         |  16|   0|   16|          0|
    |data1_logits_0_V_reg_605  |  16|   0|   16|          0|
    |data1_logits_1_V_reg_610  |  16|   0|   16|          0|
    |data1_logits_2_V_reg_615  |  16|   0|   16|          0|
    |data1_logits_3_V_reg_620  |  16|   0|   16|          0|
    |data1_logits_4_V_reg_625  |  16|   0|   16|          0|
    |data1_logits_5_V_reg_630  |  16|   0|   16|          0|
    |data1_logits_6_V_reg_635  |  16|   0|   16|          0|
    |data1_logits_7_V_reg_640  |  16|   0|   16|          0|
    |data_0_V_read_int_reg     |  16|   0|   16|          0|
    |data_1_V_read_int_reg     |  16|   0|   16|          0|
    |data_2_V_read_int_reg     |  16|   0|   16|          0|
    |data_3_V_read_int_reg     |  16|   0|   16|          0|
    |data_4_V_read_int_reg     |  16|   0|   16|          0|
    |data_5_V_read_int_reg     |  16|   0|   16|          0|
    |data_6_V_read_int_reg     |  16|   0|   16|          0|
    |data_7_V_read_int_reg     |  16|   0|   16|          0|
    |data_8_V_read_int_reg     |  16|   0|   16|          0|
    |data_9_V_read_int_reg     |  16|   0|   16|          0|
    |tmp_reg_661               |  14|   0|   14|          0|
    |trunc_ln708_230_reg_651   |  16|   0|   16|          0|
    |trunc_ln708_231_reg_656   |  14|   0|   14|          0|
    +--------------------------+----+----+-----+-----------+
    |Total                     | 508|   0|  508|          0|
    +--------------------------+----+----+-----+-----------+



================================================================
== Interface
================================================================
* Summary: 
+---------------+-----+-----+------------+---------------------------------------------+--------------+
|   RTL Ports   | Dir | Bits|  Protocol  |                Source Object                |    C Type    |
+---------------+-----+-----+------------+---------------------------------------------+--------------+
|ap_clk         |  in |    1| ap_ctrl_hs | dense_mult_3lyr<ap_fixed,ap_fixed,config11> | return value |
|ap_rst         |  in |    1| ap_ctrl_hs | dense_mult_3lyr<ap_fixed,ap_fixed,config11> | return value |
|ap_return      | out |   16| ap_ctrl_hs | dense_mult_3lyr<ap_fixed,ap_fixed,config11> | return value |
|data_0_V_read  |  in |   16|   ap_none  |                data_0_V_read                |    scalar    |
|data_1_V_read  |  in |   16|   ap_none  |                data_1_V_read                |    scalar    |
|data_2_V_read  |  in |   16|   ap_none  |                data_2_V_read                |    scalar    |
|data_3_V_read  |  in |   16|   ap_none  |                data_3_V_read                |    scalar    |
|data_4_V_read  |  in |   16|   ap_none  |                data_4_V_read                |    scalar    |
|data_5_V_read  |  in |   16|   ap_none  |                data_5_V_read                |    scalar    |
|data_6_V_read  |  in |   16|   ap_none  |                data_6_V_read                |    scalar    |
|data_7_V_read  |  in |   16|   ap_none  |                data_7_V_read                |    scalar    |
|data_8_V_read  |  in |   16|   ap_none  |                data_8_V_read                |    scalar    |
|data_9_V_read  |  in |   16|   ap_none  |                data_9_V_read                |    scalar    |
+---------------+-----+-----+------------+---------------------------------------------+--------------+

