

================================================================
== Vivado HLS Report for 'dense_resource_rf_leq_nin_0_0_0_0_0_0_0_0_0_2'
================================================================
* Date:           Tue Nov  9 10:02:23 2021

* Version:        2019.2 (Build 2704478 on Wed Nov 06 22:10:23 MST 2019)
* Project:        myproject_prj
* Solution:       solution12
* Product family: virtexuplus
* Target device:  xcvu9p-flga2104-2L-e


================================================================
== Performance Estimates
================================================================
+ Timing: 
    * Summary: 
    +--------+---------+----------+------------+
    |  Clock |  Target | Estimated| Uncertainty|
    +--------+---------+----------+------------+
    |ap_clk  | 5.00 ns | 3.816 ns |   0.62 ns  |
    +--------+---------+----------+------------+

+ Latency: 
    * Summary: 
    +---------+---------+----------+----------+-----+-----+----------+
    |  Latency (cycles) |  Latency (absolute) |  Interval | Pipeline |
    |   min   |   max   |    min   |    max   | min | max |   Type   |
    +---------+---------+----------+----------+-----+-----+----------+
    |        1|        1| 5.000 ns | 5.000 ns |    1|    1| function |
    +---------+---------+----------+----------+-----+-----+----------+

    + Detail: 
        * Instance: 
        N/A

        * Loop: 
        N/A



================================================================
== Utilization Estimates
================================================================
* Summary: 
+---------------------+---------+-------+---------+---------+-----+
|         Name        | BRAM_18K| DSP48E|    FF   |   LUT   | URAM|
+---------------------+---------+-------+---------+---------+-----+
|DSP                  |        -|     48|        -|        -|    -|
|Expression           |        -|      0|        0|     1292|    -|
|FIFO                 |        -|      -|        -|        -|    -|
|Instance             |        -|      -|        -|        -|    -|
|Memory               |        -|      -|        -|        -|    -|
|Multiplexer          |        -|      -|        -|       72|    -|
|Register             |        -|      -|      532|        -|    -|
+---------------------+---------+-------+---------+---------+-----+
|Total                |        0|     48|      532|     1364|    0|
+---------------------+---------+-------+---------+---------+-----+
|Available SLR        |     1440|   2280|   788160|   394080|  320|
+---------------------+---------+-------+---------+---------+-----+
|Utilization SLR (%)  |        0|      2|    ~0   |    ~0   |    0|
+---------------------+---------+-------+---------+---------+-----+
|Available            |     4320|   6840|  2364480|  1182240|  960|
+---------------------+---------+-------+---------+---------+-----+
|Utilization (%)      |        0|   ~0  |    ~0   |    ~0   |    0|
+---------------------+---------+-------+---------+---------+-----+

+ Detail: 
    * Instance: 
    N/A

    * DSP48E: 
    +----------------------------------------+----------------------------------+-----------+
    |                Instance                |              Module              | Expression|
    +----------------------------------------+----------------------------------+-----------+
    |myproject_mul_mul_16s_10s_24_1_0_U1876  |myproject_mul_mul_16s_10s_24_1_0  |  i0 * i1  |
    |myproject_mul_mul_16s_10s_24_1_0_U1879  |myproject_mul_mul_16s_10s_24_1_0  |  i0 * i1  |
    |myproject_mul_mul_16s_10s_24_1_0_U1896  |myproject_mul_mul_16s_10s_24_1_0  |  i0 * i1  |
    |myproject_mul_mul_16s_6ns_22_1_0_U1888  |myproject_mul_mul_16s_6ns_22_1_0  |  i0 * i1  |
    |myproject_mul_mul_16s_6ns_22_1_0_U1900  |myproject_mul_mul_16s_6ns_22_1_0  |  i0 * i1  |
    |myproject_mul_mul_16s_7ns_23_1_0_U1872  |myproject_mul_mul_16s_7ns_23_1_0  |  i0 * i1  |
    |myproject_mul_mul_16s_7s_23_1_0_U1867   |myproject_mul_mul_16s_7s_23_1_0   |  i0 * i1  |
    |myproject_mul_mul_16s_7s_23_1_0_U1898   |myproject_mul_mul_16s_7s_23_1_0   |  i0 * i1  |
    |myproject_mul_mul_16s_7s_23_1_0_U1899   |myproject_mul_mul_16s_7s_23_1_0   |  i0 * i1  |
    |myproject_mul_mul_16s_7s_23_1_0_U1903   |myproject_mul_mul_16s_7s_23_1_0   |  i0 * i1  |
    |myproject_mul_mul_16s_8ns_24_1_0_U1860  |myproject_mul_mul_16s_8ns_24_1_0  |  i0 * i1  |
    |myproject_mul_mul_16s_8ns_24_1_0_U1864  |myproject_mul_mul_16s_8ns_24_1_0  |  i0 * i1  |
    |myproject_mul_mul_16s_8ns_24_1_0_U1875  |myproject_mul_mul_16s_8ns_24_1_0  |  i0 * i1  |
    |myproject_mul_mul_16s_8ns_24_1_0_U1885  |myproject_mul_mul_16s_8ns_24_1_0  |  i0 * i1  |
    |myproject_mul_mul_16s_8ns_24_1_0_U1897  |myproject_mul_mul_16s_8ns_24_1_0  |  i0 * i1  |
    |myproject_mul_mul_16s_8s_24_1_0_U1858   |myproject_mul_mul_16s_8s_24_1_0   |  i0 * i1  |
    |myproject_mul_mul_16s_8s_24_1_0_U1868   |myproject_mul_mul_16s_8s_24_1_0   |  i0 * i1  |
    |myproject_mul_mul_16s_8s_24_1_0_U1877   |myproject_mul_mul_16s_8s_24_1_0   |  i0 * i1  |
    |myproject_mul_mul_16s_8s_24_1_0_U1881   |myproject_mul_mul_16s_8s_24_1_0   |  i0 * i1  |
    |myproject_mul_mul_16s_8s_24_1_0_U1882   |myproject_mul_mul_16s_8s_24_1_0   |  i0 * i1  |
    |myproject_mul_mul_16s_8s_24_1_0_U1883   |myproject_mul_mul_16s_8s_24_1_0   |  i0 * i1  |
    |myproject_mul_mul_16s_8s_24_1_0_U1884   |myproject_mul_mul_16s_8s_24_1_0   |  i0 * i1  |
    |myproject_mul_mul_16s_8s_24_1_0_U1894   |myproject_mul_mul_16s_8s_24_1_0   |  i0 * i1  |
    |myproject_mul_mul_16s_8s_24_1_0_U1901   |myproject_mul_mul_16s_8s_24_1_0   |  i0 * i1  |
    |myproject_mul_mul_16s_8s_24_1_0_U1902   |myproject_mul_mul_16s_8s_24_1_0   |  i0 * i1  |
    |myproject_mul_mul_16s_8s_24_1_0_U1904   |myproject_mul_mul_16s_8s_24_1_0   |  i0 * i1  |
    |myproject_mul_mul_16s_9ns_24_1_0_U1857  |myproject_mul_mul_16s_9ns_24_1_0  |  i0 * i1  |
    |myproject_mul_mul_16s_9ns_24_1_0_U1859  |myproject_mul_mul_16s_9ns_24_1_0  |  i0 * i1  |
    |myproject_mul_mul_16s_9ns_24_1_0_U1862  |myproject_mul_mul_16s_9ns_24_1_0  |  i0 * i1  |
    |myproject_mul_mul_16s_9ns_24_1_0_U1866  |myproject_mul_mul_16s_9ns_24_1_0  |  i0 * i1  |
    |myproject_mul_mul_16s_9ns_24_1_0_U1869  |myproject_mul_mul_16s_9ns_24_1_0  |  i0 * i1  |
    |myproject_mul_mul_16s_9ns_24_1_0_U1871  |myproject_mul_mul_16s_9ns_24_1_0  |  i0 * i1  |
    |myproject_mul_mul_16s_9ns_24_1_0_U1873  |myproject_mul_mul_16s_9ns_24_1_0  |  i0 * i1  |
    |myproject_mul_mul_16s_9ns_24_1_0_U1874  |myproject_mul_mul_16s_9ns_24_1_0  |  i0 * i1  |
    |myproject_mul_mul_16s_9ns_24_1_0_U1878  |myproject_mul_mul_16s_9ns_24_1_0  |  i0 * i1  |
    |myproject_mul_mul_16s_9ns_24_1_0_U1886  |myproject_mul_mul_16s_9ns_24_1_0  |  i0 * i1  |
    |myproject_mul_mul_16s_9ns_24_1_0_U1892  |myproject_mul_mul_16s_9ns_24_1_0  |  i0 * i1  |
    |myproject_mul_mul_16s_9ns_24_1_0_U1893  |myproject_mul_mul_16s_9ns_24_1_0  |  i0 * i1  |
    |myproject_mul_mul_16s_9ns_24_1_0_U1895  |myproject_mul_mul_16s_9ns_24_1_0  |  i0 * i1  |
    |myproject_mul_mul_16s_9s_24_1_0_U1861   |myproject_mul_mul_16s_9s_24_1_0   |  i0 * i1  |
    |myproject_mul_mul_16s_9s_24_1_0_U1863   |myproject_mul_mul_16s_9s_24_1_0   |  i0 * i1  |
    |myproject_mul_mul_16s_9s_24_1_0_U1865   |myproject_mul_mul_16s_9s_24_1_0   |  i0 * i1  |
    |myproject_mul_mul_16s_9s_24_1_0_U1870   |myproject_mul_mul_16s_9s_24_1_0   |  i0 * i1  |
    |myproject_mul_mul_16s_9s_24_1_0_U1880   |myproject_mul_mul_16s_9s_24_1_0   |  i0 * i1  |
    |myproject_mul_mul_16s_9s_24_1_0_U1887   |myproject_mul_mul_16s_9s_24_1_0   |  i0 * i1  |
    |myproject_mul_mul_16s_9s_24_1_0_U1889   |myproject_mul_mul_16s_9s_24_1_0   |  i0 * i1  |
    |myproject_mul_mul_16s_9s_24_1_0_U1890   |myproject_mul_mul_16s_9s_24_1_0   |  i0 * i1  |
    |myproject_mul_mul_16s_9s_24_1_0_U1891   |myproject_mul_mul_16s_9s_24_1_0   |  i0 * i1  |
    +----------------------------------------+----------------------------------+-----------+

    * Memory: 
    N/A

    * FIFO: 
    N/A

    * Expression: 
    +--------------------------+----------+-------+---+----+------------+------------+
    |       Variable Name      | Operation| DSP48E| FF| LUT| Bitwidth P0| Bitwidth P1|
    +--------------------------+----------+-------+---+----+------------+------------+
    |mul_ln1118_160_fu_732_p2  |     *    |      0|  0|   5|          16|           4|
    |acc_1_V_fu_1091_p2        |     +    |      0|  0|  16|          16|          16|
    |acc_2_V_fu_1210_p2        |     +    |      0|  0|  16|          16|          16|
    |acc_3_V_fu_1286_p2        |     +    |      0|  0|  16|          16|          16|
    |acc_4_V_fu_1366_p2        |     +    |      0|  0|  16|          16|          16|
    |acc_5_V_fu_1424_p2        |     +    |      0|  0|  16|          16|          16|
    |acc_6_V_fu_1518_p2        |     +    |      0|  0|  16|          16|          16|
    |acc_7_V_fu_1588_p2        |     +    |      0|  0|  16|          16|          16|
    |add_ln1118_8_fu_606_p2    |     +    |      0|  0|  22|          22|          22|
    |add_ln1118_fu_1234_p2     |     +    |      0|  0|  24|          24|          24|
    |add_ln703_237_fu_958_p2   |     +    |      0|  0|  16|          16|          16|
    |add_ln703_238_fu_964_p2   |     +    |      0|  0|  16|          16|          16|
    |add_ln703_239_fu_970_p2   |     +    |      0|  0|  16|          16|          16|
    |add_ln703_240_fu_318_p2   |     +    |      0|  0|  16|          16|           8|
    |add_ln703_241_fu_324_p2   |     +    |      0|  0|  16|          16|          16|
    |add_ln703_242_fu_974_p2   |     +    |      0|  0|  16|          16|          16|
    |add_ln703_244_fu_1064_p2  |     +    |      0|  0|  16|          16|          16|
    |add_ln703_245_fu_1070_p2  |     +    |      0|  0|  16|          16|          16|
    |add_ln703_246_fu_1076_p2  |     +    |      0|  0|  16|          16|          16|
    |add_ln703_247_fu_1082_p2  |     +    |      0|  0|  16|          16|          16|
    |add_ln703_248_fu_366_p2   |     +    |      0|  0|  16|          16|           8|
    |add_ln703_249_fu_372_p2   |     +    |      0|  0|  16|          16|          16|
    |add_ln703_250_fu_1086_p2  |     +    |      0|  0|  16|          16|          16|
    |add_ln703_252_fu_1183_p2  |     +    |      0|  0|  16|          16|          16|
    |add_ln703_253_fu_1189_p2  |     +    |      0|  0|  16|          16|          16|
    |add_ln703_254_fu_1195_p2  |     +    |      0|  0|  16|          16|          16|
    |add_ln703_255_fu_1201_p2  |     +    |      0|  0|  16|          16|          16|
    |add_ln703_256_fu_418_p2   |     +    |      0|  0|  16|          16|           9|
    |add_ln703_257_fu_424_p2   |     +    |      0|  0|  16|          16|          16|
    |add_ln703_258_fu_1205_p2  |     +    |      0|  0|  16|          16|          16|
    |add_ln703_260_fu_1259_p2  |     +    |      0|  0|  16|          16|          16|
    |add_ln703_261_fu_1265_p2  |     +    |      0|  0|  16|          16|          16|
    |add_ln703_262_fu_1271_p2  |     +    |      0|  0|  16|          16|          16|
    |add_ln703_263_fu_1277_p2  |     +    |      0|  0|  16|          16|          16|
    |add_ln703_264_fu_470_p2   |     +    |      0|  0|  16|          16|           6|
    |add_ln703_265_fu_476_p2   |     +    |      0|  0|  16|          16|          16|
    |add_ln703_266_fu_1281_p2  |     +    |      0|  0|  16|          16|          16|
    |add_ln703_267_fu_979_p2   |     +    |      0|  0|  16|          16|          16|
    |add_ln703_268_fu_1339_p2  |     +    |      0|  0|  16|          16|          16|
    |add_ln703_269_fu_1345_p2  |     +    |      0|  0|  16|          16|          16|
    |add_ln703_270_fu_1351_p2  |     +    |      0|  0|  16|          16|          16|
    |add_ln703_271_fu_1357_p2  |     +    |      0|  0|  16|          16|          16|
    |add_ln703_272_fu_518_p2   |     +    |      0|  0|  16|          16|           6|
    |add_ln703_273_fu_524_p2   |     +    |      0|  0|  16|          16|          16|
    |add_ln703_274_fu_1361_p2  |     +    |      0|  0|  16|          16|          16|
    |add_ln703_276_fu_1407_p2  |     +    |      0|  0|  16|          16|          16|
    |add_ln703_277_fu_1413_p2  |     +    |      0|  0|  16|          16|          16|
    |add_ln703_278_fu_1418_p2  |     +    |      0|  0|  16|          16|          16|
    |add_ln703_279_fu_566_p2   |     +    |      0|  0|  16|          16|          16|
    |add_ln703_280_fu_572_p2   |     +    |      0|  0|  16|          16|           6|
    |add_ln703_281_fu_578_p2   |     +    |      0|  0|  16|          16|          16|
    |add_ln703_283_fu_1496_p2  |     +    |      0|  0|  15|          15|          15|
    |add_ln703_284_fu_1506_p2  |     +    |      0|  0|  16|          16|          16|
    |add_ln703_285_fu_1512_p2  |     +    |      0|  0|  16|          16|          16|
    |add_ln703_286_fu_694_p2   |     +    |      0|  0|  15|          15|          15|
    |add_ln703_287_fu_704_p2   |     +    |      0|  0|  16|          16|           8|
    |add_ln703_288_fu_710_p2   |     +    |      0|  0|  16|          16|          16|
    |add_ln703_289_fu_716_p2   |     +    |      0|  0|  16|          16|          16|
    |add_ln703_291_fu_1560_p2  |     +    |      0|  0|  16|          16|          16|
    |add_ln703_292_fu_1566_p2  |     +    |      0|  0|  16|          16|          16|
    |add_ln703_293_fu_1572_p2  |     +    |      0|  0|  16|          16|          16|
    |add_ln703_294_fu_1578_p2  |     +    |      0|  0|  16|          16|          16|
    |add_ln703_295_fu_801_p2   |     +    |      0|  0|  16|          16|           8|
    |add_ln703_296_fu_807_p2   |     +    |      0|  0|  16|          16|          16|
    |add_ln703_297_fu_1583_p2  |     +    |      0|  0|  16|          16|          16|
    |add_ln703_fu_952_p2       |     +    |      0|  0|  16|          16|          16|
    |sub_ln1118_37_fu_848_p2   |     -    |      0|  0|  16|          23|          23|
    |sub_ln1118_38_fu_899_p2   |     -    |      0|  0|  21|          21|          21|
    |sub_ln1118_39_fu_1005_p2  |     -    |      0|  0|  16|           1|          23|
    |sub_ln1118_40_fu_1022_p2  |     -    |      0|  0|  16|          23|          23|
    |sub_ln1118_41_fu_1097_p2  |     -    |      0|  0|  19|           1|          19|
    |sub_ln1118_42_fu_1137_p2  |     -    |      0|  0|  16|           1|          24|
    |sub_ln1118_43_fu_1158_p2  |     -    |      0|  0|  16|          24|          24|
    |sub_ln1118_44_fu_1310_p2  |     -    |      0|  0|  21|          21|          21|
    |sub_ln1118_45_fu_1476_p2  |     -    |      0|  0|  23|          23|          23|
    |sub_ln1118_46_fu_638_p2   |     -    |      0|  0|  16|           1|          22|
    |sub_ln1118_47_fu_656_p2   |     -    |      0|  0|  16|          22|          22|
    |sub_ln1118_48_fu_772_p2   |     -    |      0|  0|  23|          23|          23|
    |sub_ln1118_fu_827_p2      |     -    |      0|  0|  16|           1|          23|
    +--------------------------+----------+-------+---+----+------------+------------+
    |Total                     |          |      0|  0|1292|        1253|        1278|
    +--------------------------+----------+-------+---+----+------------+------------+

    * Multiplexer: 
    +-------------+----+-----------+-----+-----------+
    |     Name    | LUT| Input Size| Bits| Total Bits|
    +-------------+----+-----------+-----+-----------+
    |ap_return_0  |   9|          2|   16|         32|
    |ap_return_1  |   9|          2|   16|         32|
    |ap_return_2  |   9|          2|   16|         32|
    |ap_return_3  |   9|          2|   16|         32|
    |ap_return_4  |   9|          2|   16|         32|
    |ap_return_5  |   9|          2|   16|         32|
    |ap_return_6  |   9|          2|   16|         32|
    |ap_return_7  |   9|          2|   16|         32|
    +-------------+----+-----------+-----+-----------+
    |Total        |  72|         16|  128|        256|
    +-------------+----+-----------+-----+-----------+

    * Register: 
    +---------------------------+----+----+-----+-----------+
    |            Name           | FF | LUT| Bits| Const Bits|
    +---------------------------+----+----+-----+-----------+
    |add_ln703_241_reg_2023     |  16|   0|   16|          0|
    |add_ln703_249_reg_2038     |  16|   0|   16|          0|
    |add_ln703_257_reg_2053     |  16|   0|   16|          0|
    |add_ln703_265_reg_2068     |  16|   0|   16|          0|
    |add_ln703_273_reg_2083     |  16|   0|   16|          0|
    |add_ln703_281_reg_2094     |  16|   0|   16|          0|
    |add_ln703_289_reg_2104     |  16|   0|   16|          0|
    |add_ln703_296_reg_2119     |  16|   0|   16|          0|
    |ap_ce_reg                  |   1|   0|    1|          0|
    |ap_return_0_int_reg        |  16|   0|   16|          0|
    |ap_return_1_int_reg        |  16|   0|   16|          0|
    |ap_return_2_int_reg        |  16|   0|   16|          0|
    |ap_return_3_int_reg        |  16|   0|   16|          0|
    |ap_return_4_int_reg        |  16|   0|   16|          0|
    |ap_return_5_int_reg        |  16|   0|   16|          0|
    |ap_return_6_int_reg        |  16|   0|   16|          0|
    |ap_return_7_int_reg        |  16|   0|   16|          0|
    |data_0_V_read_10_reg_2006  |  16|   0|   16|          0|
    |data_1_V_read_10_reg_1995  |  16|   0|   16|          0|
    |data_2_V_read_10_reg_1986  |  16|   0|   16|          0|
    |data_3_V_read_10_reg_1978  |  16|   0|   16|          0|
    |tmp_reg_2099               |   9|   0|    9|          0|
    |trunc_ln708_174_reg_2013   |  16|   0|   16|          0|
    |trunc_ln708_175_reg_2018   |  16|   0|   16|          0|
    |trunc_ln708_182_reg_2028   |  16|   0|   16|          0|
    |trunc_ln708_183_reg_2033   |  16|   0|   16|          0|
    |trunc_ln708_190_reg_2043   |  16|   0|   16|          0|
    |trunc_ln708_191_reg_2048   |  16|   0|   16|          0|
    |trunc_ln708_197_reg_2058   |  16|   0|   16|          0|
    |trunc_ln708_198_reg_2063   |  16|   0|   16|          0|
    |trunc_ln708_205_reg_2073   |  16|   0|   16|          0|
    |trunc_ln708_206_reg_2078   |  16|   0|   16|          0|
    |trunc_ln708_212_reg_2088   |  16|   0|   16|          0|
    |trunc_ln708_222_reg_2109   |  13|   0|   13|          0|
    |trunc_ln708_224_reg_2114   |  13|   0|   13|          0|
    +---------------------------+----+----+-----+-----------+
    |Total                      | 532|   0|  532|          0|
    +---------------------------+----+----+-----+-----------+



================================================================
== Interface
================================================================
* Summary: 
+---------------+-----+-----+------------+-----------------------------------------------+--------------+
|   RTL Ports   | Dir | Bits|  Protocol  |                 Source Object                 |    C Type    |
+---------------+-----+-----+------------+-----------------------------------------------+--------------+
|ap_clk         |  in |    1| ap_ctrl_hs | dense_resource_rf_leq_nin.0.0.0.0.0.0.0.0.0.2 | return value |
|ap_rst         |  in |    1| ap_ctrl_hs | dense_resource_rf_leq_nin.0.0.0.0.0.0.0.0.0.2 | return value |
|ap_return_0    | out |   16| ap_ctrl_hs | dense_resource_rf_leq_nin.0.0.0.0.0.0.0.0.0.2 | return value |
|ap_return_1    | out |   16| ap_ctrl_hs | dense_resource_rf_leq_nin.0.0.0.0.0.0.0.0.0.2 | return value |
|ap_return_2    | out |   16| ap_ctrl_hs | dense_resource_rf_leq_nin.0.0.0.0.0.0.0.0.0.2 | return value |
|ap_return_3    | out |   16| ap_ctrl_hs | dense_resource_rf_leq_nin.0.0.0.0.0.0.0.0.0.2 | return value |
|ap_return_4    | out |   16| ap_ctrl_hs | dense_resource_rf_leq_nin.0.0.0.0.0.0.0.0.0.2 | return value |
|ap_return_5    | out |   16| ap_ctrl_hs | dense_resource_rf_leq_nin.0.0.0.0.0.0.0.0.0.2 | return value |
|ap_return_6    | out |   16| ap_ctrl_hs | dense_resource_rf_leq_nin.0.0.0.0.0.0.0.0.0.2 | return value |
|ap_return_7    | out |   16| ap_ctrl_hs | dense_resource_rf_leq_nin.0.0.0.0.0.0.0.0.0.2 | return value |
|ap_ce          |  in |    1| ap_ctrl_hs | dense_resource_rf_leq_nin.0.0.0.0.0.0.0.0.0.2 | return value |
|data_0_V_read  |  in |   16|   ap_none  |                 data_0_V_read                 |    scalar    |
|data_1_V_read  |  in |   16|   ap_none  |                 data_1_V_read                 |    scalar    |
|data_2_V_read  |  in |   16|   ap_none  |                 data_2_V_read                 |    scalar    |
|data_3_V_read  |  in |   16|   ap_none  |                 data_3_V_read                 |    scalar    |
|data_4_V_read  |  in |   16|   ap_none  |                 data_4_V_read                 |    scalar    |
|data_5_V_read  |  in |   16|   ap_none  |                 data_5_V_read                 |    scalar    |
|data_6_V_read  |  in |   16|   ap_none  |                 data_6_V_read                 |    scalar    |
|data_7_V_read  |  in |   16|   ap_none  |                 data_7_V_read                 |    scalar    |
+---------------+-----+-----+------------+-----------------------------------------------+--------------+

