

================================================================
== Vivado HLS Report for 'dense_resource_rf_leq_nin_0_0_0_0_0_0_0_0_0'
================================================================
* Date:           Tue Nov  9 10:00:41 2021

* Version:        2019.2 (Build 2704478 on Wed Nov 06 22:10:23 MST 2019)
* Project:        myproject_prj
* Solution:       solution12
* Product family: virtexuplus
* Target device:  xcvu9p-flga2104-2L-e


================================================================
== Performance Estimates
================================================================
+ Timing: 
    * Summary: 
    +--------+---------+----------+------------+
    |  Clock |  Target | Estimated| Uncertainty|
    +--------+---------+----------+------------+
    |ap_clk  | 5.00 ns | 3.816 ns |   0.62 ns  |
    +--------+---------+----------+------------+

+ Latency: 
    * Summary: 
    +---------+---------+----------+----------+-----+-----+----------+
    |  Latency (cycles) |  Latency (absolute) |  Interval | Pipeline |
    |   min   |   max   |    min   |    max   | min | max |   Type   |
    +---------+---------+----------+----------+-----+-----+----------+
    |        1|        1| 5.000 ns | 5.000 ns |    1|    1| function |
    +---------+---------+----------+----------+-----+-----+----------+

    + Detail: 
        * Instance: 
        N/A

        * Loop: 
        N/A



================================================================
== Utilization Estimates
================================================================
* Summary: 
+---------------------+---------+-------+---------+---------+-----+
|         Name        | BRAM_18K| DSP48E|    FF   |   LUT   | URAM|
+---------------------+---------+-------+---------+---------+-----+
|DSP                  |        -|     34|        -|        -|    -|
|Expression           |        -|      1|        0|     1690|    -|
|FIFO                 |        -|      -|        -|        -|    -|
|Instance             |        -|      -|        -|        -|    -|
|Memory               |        -|      -|        -|        -|    -|
|Multiplexer          |        -|      -|        -|       72|    -|
|Register             |        -|      -|      414|        -|    -|
+---------------------+---------+-------+---------+---------+-----+
|Total                |        0|     35|      414|     1762|    0|
+---------------------+---------+-------+---------+---------+-----+
|Available SLR        |     1440|   2280|   788160|   394080|  320|
+---------------------+---------+-------+---------+---------+-----+
|Utilization SLR (%)  |        0|      1|    ~0   |    ~0   |    0|
+---------------------+---------+-------+---------+---------+-----+
|Available            |     4320|   6840|  2364480|  1182240|  960|
+---------------------+---------+-------+---------+---------+-----+
|Utilization (%)      |        0|   ~0  |    ~0   |    ~0   |    0|
+---------------------+---------+-------+---------+---------+-----+

+ Detail: 
    * Instance: 
    N/A

    * DSP48E: 
    +----------------------------------------+-----------------------------------+-----------+
    |                Instance                |               Module              | Expression|
    +----------------------------------------+-----------------------------------+-----------+
    |myproject_mul_mul_16s_10ns_24_1_0_U773  |myproject_mul_mul_16s_10ns_24_1_0  |  i0 * i1  |
    |myproject_mul_mul_16s_10s_24_1_0_U759   |myproject_mul_mul_16s_10s_24_1_0   |  i0 * i1  |
    |myproject_mul_mul_16s_10s_24_1_0_U760   |myproject_mul_mul_16s_10s_24_1_0   |  i0 * i1  |
    |myproject_mul_mul_16s_10s_24_1_0_U770   |myproject_mul_mul_16s_10s_24_1_0   |  i0 * i1  |
    |myproject_mul_mul_16s_10s_24_1_0_U775   |myproject_mul_mul_16s_10s_24_1_0   |  i0 * i1  |
    |myproject_mul_mul_16s_11ns_24_1_0_U758  |myproject_mul_mul_16s_11ns_24_1_0  |  i0 * i1  |
    |myproject_mul_mul_16s_11s_24_1_0_U754   |myproject_mul_mul_16s_11s_24_1_0   |  i0 * i1  |
    |myproject_mul_mul_16s_11s_24_1_0_U762   |myproject_mul_mul_16s_11s_24_1_0   |  i0 * i1  |
    |myproject_mul_mul_16s_11s_24_1_0_U782   |myproject_mul_mul_16s_11s_24_1_0   |  i0 * i1  |
    |myproject_mul_mul_16s_11s_24_1_0_U787   |myproject_mul_mul_16s_11s_24_1_0   |  i0 * i1  |
    |myproject_mul_mul_16s_6ns_22_1_0_U761   |myproject_mul_mul_16s_6ns_22_1_0   |  i0 * i1  |
    |myproject_mul_mul_16s_6ns_22_1_0_U764   |myproject_mul_mul_16s_6ns_22_1_0   |  i0 * i1  |
    |myproject_mul_mul_16s_6ns_22_1_0_U785   |myproject_mul_mul_16s_6ns_22_1_0   |  i0 * i1  |
    |myproject_mul_mul_16s_7ns_23_1_0_U772   |myproject_mul_mul_16s_7ns_23_1_0   |  i0 * i1  |
    |myproject_mul_mul_16s_7ns_23_1_0_U778   |myproject_mul_mul_16s_7ns_23_1_0   |  i0 * i1  |
    |myproject_mul_mul_16s_7ns_23_1_0_U779   |myproject_mul_mul_16s_7ns_23_1_0   |  i0 * i1  |
    |myproject_mul_mul_16s_7ns_23_1_0_U783   |myproject_mul_mul_16s_7ns_23_1_0   |  i0 * i1  |
    |myproject_mul_mul_16s_7s_23_1_0_U767    |myproject_mul_mul_16s_7s_23_1_0    |  i0 * i1  |
    |myproject_mul_mul_16s_7s_23_1_0_U768    |myproject_mul_mul_16s_7s_23_1_0    |  i0 * i1  |
    |myproject_mul_mul_16s_7s_23_1_0_U781    |myproject_mul_mul_16s_7s_23_1_0    |  i0 * i1  |
    |myproject_mul_mul_16s_8ns_24_1_0_U755   |myproject_mul_mul_16s_8ns_24_1_0   |  i0 * i1  |
    |myproject_mul_mul_16s_8ns_24_1_0_U756   |myproject_mul_mul_16s_8ns_24_1_0   |  i0 * i1  |
    |myproject_mul_mul_16s_8ns_24_1_0_U765   |myproject_mul_mul_16s_8ns_24_1_0   |  i0 * i1  |
    |myproject_mul_mul_16s_8ns_24_1_0_U784   |myproject_mul_mul_16s_8ns_24_1_0   |  i0 * i1  |
    |myproject_mul_mul_16s_8s_24_1_0_U757    |myproject_mul_mul_16s_8s_24_1_0    |  i0 * i1  |
    |myproject_mul_mul_16s_8s_24_1_0_U763    |myproject_mul_mul_16s_8s_24_1_0    |  i0 * i1  |
    |myproject_mul_mul_16s_8s_24_1_0_U766    |myproject_mul_mul_16s_8s_24_1_0    |  i0 * i1  |
    |myproject_mul_mul_16s_8s_24_1_0_U769    |myproject_mul_mul_16s_8s_24_1_0    |  i0 * i1  |
    |myproject_mul_mul_16s_8s_24_1_0_U777    |myproject_mul_mul_16s_8s_24_1_0    |  i0 * i1  |
    |myproject_mul_mul_16s_8s_24_1_0_U786    |myproject_mul_mul_16s_8s_24_1_0    |  i0 * i1  |
    |myproject_mul_mul_16s_9ns_24_1_0_U780   |myproject_mul_mul_16s_9ns_24_1_0   |  i0 * i1  |
    |myproject_mul_mul_16s_9s_24_1_0_U771    |myproject_mul_mul_16s_9s_24_1_0    |  i0 * i1  |
    |myproject_mul_mul_16s_9s_24_1_0_U774    |myproject_mul_mul_16s_9s_24_1_0    |  i0 * i1  |
    |myproject_mul_mul_16s_9s_24_1_0_U776    |myproject_mul_mul_16s_9s_24_1_0    |  i0 * i1  |
    +----------------------------------------+-----------------------------------+-----------+

    * Memory: 
    N/A

    * FIFO: 
    N/A

    * Expression: 
    +--------------------------+----------+-------+---+----+------------+------------+
    |       Variable Name      | Operation| DSP48E| FF| LUT| Bitwidth P0| Bitwidth P1|
    +--------------------------+----------+-------+---+----+------------+------------+
    |mul_ln1118_51_fu_1062_p2  |     *    |      1|  0|   5|          16|           5|
    |acc_1_V_fu_1420_p2        |     +    |      0|  0|  16|          16|          16|
    |acc_2_V_fu_1472_p2        |     +    |      0|  0|  16|          16|          16|
    |acc_3_V_fu_1600_p2        |     +    |      0|  0|  16|          16|          16|
    |acc_4_V_fu_1699_p2        |     +    |      0|  0|  16|          16|          16|
    |acc_5_V_fu_1830_p2        |     +    |      0|  0|  16|          16|          16|
    |acc_6_V_fu_1957_p2        |     +    |      0|  0|  16|          16|          16|
    |acc_7_V_fu_1989_p2        |     +    |      0|  0|  16|          16|          16|
    |add_ln1118_1_fu_1347_p2   |     +    |      0|  0|  20|          20|          20|
    |add_ln1118_2_fu_448_p2    |     +    |      0|  0|  23|          23|          23|
    |add_ln1118_3_fu_1445_p2   |     +    |      0|  0|  24|          24|          24|
    |add_ln1118_4_fu_1909_p2   |     +    |      0|  0|  19|          19|          19|
    |add_ln1118_fu_1193_p2     |     +    |      0|  0|  22|          22|          22|
    |add_ln703_100_fu_1314_p2  |     +    |      0|  0|  16|          16|          16|
    |add_ln703_102_fu_400_p2   |     +    |      0|  0|  16|          16|          16|
    |add_ln703_103_fu_406_p2   |     +    |      0|  0|  16|          16|          16|
    |add_ln703_104_fu_412_p2   |     +    |      0|  0|  16|          16|          16|
    |add_ln703_105_fu_1392_p2  |     +    |      0|  0|  16|          16|          16|
    |add_ln703_106_fu_1398_p2  |     +    |      0|  0|  15|          15|           7|
    |add_ln703_107_fu_1408_p2  |     +    |      0|  0|  16|          16|          16|
    |add_ln703_108_fu_1414_p2  |     +    |      0|  0|  16|          16|          16|
    |add_ln703_110_fu_538_p2   |     +    |      0|  0|  16|          16|          16|
    |add_ln703_111_fu_544_p2   |     +    |      0|  0|  16|          16|          16|
    |add_ln703_112_fu_550_p2   |     +    |      0|  0|  16|          16|          16|
    |add_ln703_113_fu_1461_p2  |     +    |      0|  0|  16|          16|          16|
    |add_ln703_114_fu_556_p2   |     +    |      0|  0|  16|          16|           4|
    |add_ln703_115_fu_562_p2   |     +    |      0|  0|  16|          16|          16|
    |add_ln703_116_fu_1467_p2  |     +    |      0|  0|  16|          16|          16|
    |add_ln703_118_fu_753_p2   |     +    |      0|  0|  16|          16|          16|
    |add_ln703_119_fu_759_p2   |     +    |      0|  0|  16|          16|          16|
    |add_ln703_120_fu_765_p2   |     +    |      0|  0|  16|          16|          16|
    |add_ln703_121_fu_1573_p2  |     +    |      0|  0|  15|          15|          15|
    |add_ln703_122_fu_1583_p2  |     +    |      0|  0|  16|          16|           8|
    |add_ln703_123_fu_1588_p2  |     +    |      0|  0|  16|          16|          16|
    |add_ln703_124_fu_1594_p2  |     +    |      0|  0|  16|          16|          16|
    |add_ln703_126_fu_864_p2   |     +    |      0|  0|  16|          16|          16|
    |add_ln703_127_fu_870_p2   |     +    |      0|  0|  16|          16|          16|
    |add_ln703_128_fu_876_p2   |     +    |      0|  0|  16|          16|          16|
    |add_ln703_129_fu_1676_p2  |     +    |      0|  0|  16|          16|          16|
    |add_ln703_130_fu_1682_p2  |     +    |      0|  0|  16|          16|           8|
    |add_ln703_131_fu_1688_p2  |     +    |      0|  0|  16|          16|          16|
    |add_ln703_132_fu_1693_p2  |     +    |      0|  0|  16|          16|          16|
    |add_ln703_134_fu_961_p2   |     +    |      0|  0|  16|          16|          16|
    |add_ln703_135_fu_967_p2   |     +    |      0|  0|  16|          16|          16|
    |add_ln703_136_fu_973_p2   |     +    |      0|  0|  16|          16|          16|
    |add_ln703_137_fu_1806_p2  |     +    |      0|  0|  16|          16|          16|
    |add_ln703_138_fu_1812_p2  |     +    |      0|  0|  16|          16|           8|
    |add_ln703_139_fu_1818_p2  |     +    |      0|  0|  16|          16|          16|
    |add_ln703_140_fu_1824_p2  |     +    |      0|  0|  16|          16|          16|
    |add_ln703_142_fu_1026_p2  |     +    |      0|  0|  16|          16|          16|
    |add_ln703_143_fu_1032_p2  |     +    |      0|  0|  16|          16|          16|
    |add_ln703_144_fu_1038_p2  |     +    |      0|  0|  16|          16|          16|
    |add_ln703_145_fu_1929_p2  |     +    |      0|  0|  16|          16|          16|
    |add_ln703_146_fu_1935_p2  |     +    |      0|  0|  12|          12|           8|
    |add_ln703_147_fu_1945_p2  |     +    |      0|  0|  16|          16|          16|
    |add_ln703_148_fu_1951_p2  |     +    |      0|  0|  16|          16|          16|
    |add_ln703_150_fu_1140_p2  |     +    |      0|  0|  16|          16|          16|
    |add_ln703_151_fu_1146_p2  |     +    |      0|  0|  16|          16|          16|
    |add_ln703_152_fu_1152_p2  |     +    |      0|  0|  16|          16|          16|
    |add_ln703_153_fu_1978_p2  |     +    |      0|  0|  16|          16|          16|
    |add_ln703_154_fu_1158_p2  |     +    |      0|  0|  16|          16|           8|
    |add_ln703_155_fu_1164_p2  |     +    |      0|  0|  16|          16|          16|
    |add_ln703_156_fu_1984_p2  |     +    |      0|  0|  16|          16|          16|
    |add_ln703_310_fu_1320_p2  |     +    |      0|  0|  16|          16|          16|
    |add_ln703_95_fu_320_p2    |     +    |      0|  0|  16|          16|          16|
    |add_ln703_96_fu_326_p2    |     +    |      0|  0|  16|          16|          16|
    |add_ln703_97_fu_1292_p2   |     +    |      0|  0|  16|          16|          16|
    |add_ln703_98_fu_1298_p2   |     +    |      0|  0|  13|          13|           6|
    |add_ln703_99_fu_1308_p2   |     +    |      0|  0|  16|          16|          16|
    |add_ln703_fu_314_p2       |     +    |      0|  0|  16|          16|          16|
    |sub_ln1118_10_fu_592_p2   |     -    |      0|  0|  23|          23|          23|
    |sub_ln1118_11_fu_624_p2   |     -    |      0|  0|  16|           1|          23|
    |sub_ln1118_12_fu_642_p2   |     -    |      0|  0|  16|          23|          23|
    |sub_ln1118_13_fu_674_p2   |     -    |      0|  0|  16|           1|          20|
    |sub_ln1118_14_fu_680_p2   |     -    |      0|  0|  16|          20|          20|
    |sub_ln1118_15_fu_724_p2   |     -    |      0|  0|  23|          23|          23|
    |sub_ln1118_16_fu_1505_p2  |     -    |      0|  0|  22|          22|          22|
    |sub_ln1118_17_fu_1536_p2  |     -    |      0|  0|  16|           1|          23|
    |sub_ln1118_18_fu_1553_p2  |     -    |      0|  0|  16|          23|          23|
    |sub_ln1118_19_fu_771_p2   |     -    |      0|  0|  16|           1|          23|
    |sub_ln1118_20_fu_777_p2   |     -    |      0|  0|  16|          23|          23|
    |sub_ln1118_21_fu_822_p2   |     -    |      0|  0|  23|          23|          23|
    |sub_ln1118_22_fu_1605_p2  |     -    |      0|  0|  20|          20|          20|
    |sub_ln1118_23_fu_1656_p2  |     -    |      0|  0|  23|          23|          23|
    |sub_ln1118_24_fu_903_p2   |     -    |      0|  0|  23|          23|          23|
    |sub_ln1118_25_fu_932_p2   |     -    |      0|  0|  20|          20|          20|
    |sub_ln1118_26_fu_1715_p2  |     -    |      0|  0|  16|           1|          23|
    |sub_ln1118_27_fu_1721_p2  |     -    |      0|  0|  16|          23|          23|
    |sub_ln1118_28_fu_1752_p2  |     -    |      0|  0|  23|          23|          23|
    |sub_ln1118_29_fu_1783_p2  |     -    |      0|  0|  23|          23|          23|
    |sub_ln1118_30_fu_1006_p2  |     -    |      0|  0|  23|           1|          23|
    |sub_ln1118_31_fu_1853_p2  |     -    |      0|  0|  24|          24|          24|
    |sub_ln1118_32_fu_1878_p2  |     -    |      0|  0|  23|          23|          23|
    |sub_ln1118_33_fu_1962_p2  |     -    |      0|  0|  24|          24|          24|
    |sub_ln1118_52_fu_371_p2   |     -    |      0|  0|  21|          21|          21|
    |sub_ln1118_53_fu_1107_p2  |     -    |      0|  0|  22|          22|          22|
    |sub_ln1118_9_fu_496_p2    |     -    |      0|  0|  22|          22|          22|
    |sub_ln1118_fu_1272_p2     |     -    |      0|  0|  20|          20|          20|
    +--------------------------+----------+-------+---+----+------------+------------+
    |Total                     |          |      1|  0|1690|        1636|        1691|
    +--------------------------+----------+-------+---+----+------------+------------+

    * Multiplexer: 
    +-------------+----+-----------+-----+-----------+
    |     Name    | LUT| Input Size| Bits| Total Bits|
    +-------------+----+-----------+-----+-----------+
    |ap_return_0  |   9|          2|   16|         32|
    |ap_return_1  |   9|          2|   16|         32|
    |ap_return_2  |   9|          2|   16|         32|
    |ap_return_3  |   9|          2|   16|         32|
    |ap_return_4  |   9|          2|   16|         32|
    |ap_return_5  |   9|          2|   16|         32|
    |ap_return_6  |   9|          2|   16|         32|
    |ap_return_7  |   9|          2|   16|         32|
    +-------------+----+-----------+-----+-----------+
    |Total        |  72|         16|  128|        256|
    +-------------+----+-----------+-----+-----------+

    * Register: 
    +---------------------------+----+----+-----+-----------+
    |            Name           | FF | LUT| Bits| Const Bits|
    +---------------------------+----+----+-----+-----------+
    |add_ln703_104_reg_2332     |  16|   0|   16|          0|
    |add_ln703_112_reg_2337     |  16|   0|   16|          0|
    |add_ln703_115_reg_2342     |  16|   0|   16|          0|
    |add_ln703_120_reg_2352     |  16|   0|   16|          0|
    |add_ln703_128_reg_2362     |  16|   0|   16|          0|
    |add_ln703_136_reg_2372     |  16|   0|   16|          0|
    |add_ln703_144_reg_2377     |  16|   0|   16|          0|
    |add_ln703_152_reg_2382     |  16|   0|   16|          0|
    |add_ln703_155_reg_2387     |  16|   0|   16|          0|
    |add_ln703_96_reg_2322      |  16|   0|   16|          0|
    |ap_ce_reg                  |   1|   0|    1|          0|
    |ap_return_0_int_reg        |  16|   0|   16|          0|
    |ap_return_1_int_reg        |  16|   0|   16|          0|
    |ap_return_2_int_reg        |  16|   0|   16|          0|
    |ap_return_3_int_reg        |  16|   0|   16|          0|
    |ap_return_4_int_reg        |  16|   0|   16|          0|
    |ap_return_5_int_reg        |  16|   0|   16|          0|
    |ap_return_6_int_reg        |  16|   0|   16|          0|
    |ap_return_7_int_reg        |  16|   0|   16|          0|
    |data_4_V_read_12_reg_2308  |  16|   0|   16|          0|
    |data_5_V_read_12_reg_2298  |  16|   0|   16|          0|
    |data_6_V_read_11_reg_2290  |  16|   0|   16|          0|
    |data_7_V_read_10_reg_2280  |  16|   0|   16|          0|
    |tmp_254_reg_2327           |  14|   0|   14|          0|
    |trunc_ln708_61_reg_2347    |  16|   0|   16|          0|
    |trunc_ln708_68_reg_2357    |  16|   0|   16|          0|
    |trunc_ln708_77_reg_2367    |  15|   0|   15|          0|
    +---------------------------+----+----+-----+-----------+
    |Total                      | 414|   0|  414|          0|
    +---------------------------+----+----+-----+-----------+



================================================================
== Interface
================================================================
* Summary: 
+---------------+-----+-----+------------+---------------------------------------------+--------------+
|   RTL Ports   | Dir | Bits|  Protocol  |                Source Object                |    C Type    |
+---------------+-----+-----+------------+---------------------------------------------+--------------+
|ap_clk         |  in |    1| ap_ctrl_hs | dense_resource_rf_leq_nin.0.0.0.0.0.0.0.0.0 | return value |
|ap_rst         |  in |    1| ap_ctrl_hs | dense_resource_rf_leq_nin.0.0.0.0.0.0.0.0.0 | return value |
|ap_return_0    | out |   16| ap_ctrl_hs | dense_resource_rf_leq_nin.0.0.0.0.0.0.0.0.0 | return value |
|ap_return_1    | out |   16| ap_ctrl_hs | dense_resource_rf_leq_nin.0.0.0.0.0.0.0.0.0 | return value |
|ap_return_2    | out |   16| ap_ctrl_hs | dense_resource_rf_leq_nin.0.0.0.0.0.0.0.0.0 | return value |
|ap_return_3    | out |   16| ap_ctrl_hs | dense_resource_rf_leq_nin.0.0.0.0.0.0.0.0.0 | return value |
|ap_return_4    | out |   16| ap_ctrl_hs | dense_resource_rf_leq_nin.0.0.0.0.0.0.0.0.0 | return value |
|ap_return_5    | out |   16| ap_ctrl_hs | dense_resource_rf_leq_nin.0.0.0.0.0.0.0.0.0 | return value |
|ap_return_6    | out |   16| ap_ctrl_hs | dense_resource_rf_leq_nin.0.0.0.0.0.0.0.0.0 | return value |
|ap_return_7    | out |   16| ap_ctrl_hs | dense_resource_rf_leq_nin.0.0.0.0.0.0.0.0.0 | return value |
|ap_ce          |  in |    1| ap_ctrl_hs | dense_resource_rf_leq_nin.0.0.0.0.0.0.0.0.0 | return value |
|data_0_V_read  |  in |   16|   ap_none  |                data_0_V_read                |    scalar    |
|data_1_V_read  |  in |   16|   ap_none  |                data_1_V_read                |    scalar    |
|data_2_V_read  |  in |   16|   ap_none  |                data_2_V_read                |    scalar    |
|data_3_V_read  |  in |   16|   ap_none  |                data_3_V_read                |    scalar    |
|data_4_V_read  |  in |   16|   ap_none  |                data_4_V_read                |    scalar    |
|data_5_V_read  |  in |   16|   ap_none  |                data_5_V_read                |    scalar    |
|data_6_V_read  |  in |   16|   ap_none  |                data_6_V_read                |    scalar    |
|data_7_V_read  |  in |   16|   ap_none  |                data_7_V_read                |    scalar    |
+---------------+-----+-----+------------+---------------------------------------------+--------------+

